ASxxxx Linker V03.00/V05.40 + sdld,  page 1.
Hexadecimal  [32-Bits]

Area                       Addr        Size        Decimal Bytes (Attributes)
--------------------       ----        ----        ------- ----- ------------
.  .ABS.               00000000    00000000 =           0. bytes (ABS,CON)

        Value  Global            Value  Global            Value  Global    
        -----  ------            -----  ------            -----  ------    
     00000000  .__.ABS.  |    00000000  _rMBC7_SR |    00000000  _rRAMG   
     00000000  l__BASE   |    00000000  l__BSS    |    00000000  l__CABS  
     00000000  l__CODE_0 |    00000000  l__DABS   |    00000000  l__FONT_H
     00000000  l__HEADER |    00000000  l__HEADER |    00000000  l__HEAP  
     00000000  l__HEAP_E |    00000000  l__LIT    |    00000000  s__CABS  
     00000000  s__DABS   |    00000000  s__FONT_H |    00000000  s__FONT_H
     00000000  s__HEADER |    00000000  s__HEADER |    00000000  s__HEADER
     00000000  s__HEADER |    00000000  s__HEADER |    00000000  s__HEADER
     00000000  s__HEADER |    00000000  s__HEADER |    00000000  s__HEADER
     00000000  s__HEADER |    00000000  s__HEADER |    00000000  s__HEADER
     00000000  s__HEADER |    00000000  s__HEADER |    00000000  s__HEADER
     00000000  s__HEADER |    00000000  s__HEADER |    00000000  s__HEADER
     00000000  s__HEADER |    00000000  s__HEADER |    00000000  s__HEADER
     00000001  l__GSFINA |    00000001  l__HEADER |    00000001  l__HEADER
     00000001  l__HEADER |    00000001  l__HEADER |    00000001  l__HEADER
     00000001  l__HEADER |    00000001  l__HEADER |    00000002  l__HEADER
     00000002  l__HEADER |    00000002  l__HEADER |    00000003  l__FONT_H
     00000003  l__HEADER |    00000003  l__HEADER |    00000005  l__HEADER
     00000006  l__HEADER |    00000007  l__HEADER |    00000008  l__HEADER
     0000000C  l__GSINIT |    00000013  l__HRAM   |    00000030  l__HEADER
     00000060  l__HEADER |    000000AB  l__HEADER |    00000200  s__CODE  
     0000042E  l__INITIA |    0000042E  l__INITIA |    00001396  l__HOME  
     00001A36  l__DATA   |    00001D97  l__CODE_6 |    00002000  _rROMB0  
     000021AE  l__CODE   |    000023AE  s__HOME   |    0000287D  l__CODE_5
     00003000  _rROMB1   |    000030D5  l__CODE_3 |    000036D8  l__CODE_4
     00003744  s__BASE   |    00003744  s__CODE_0 |    00003744  s__INITIA
     00003744  s__LIT    |    0000392E  l__CODE_1 |    00003B05  l__CODE_2
     00003B72  s__GSINIT |    00003B7E  s__GSFINA |    00004000  _rMBC7_SR
     00004000  _rRAMB    |    00008000  __VRAM    |    00008000  __VRAM800
     00008800  __VRAM880 |    00009000  __VRAM900 |    00009800  __SCRN0  
     00009C00  __SCRN1   |    0000A000  __SRAM    |    0000A000  _rMBC7_LA
     0000A010  _rMBC7_LA |    0000A020  _rMBC7_AC |    0000A030  _rMBC7_AC
     0000A040  _rMBC7_AC |    0000A050  _rMBC7_AC |    0000C000  __RAM    
     0000C000  _shadow_O |    0000C0A0  s__DATA   |    0000D000  __RAMBANK
     0000DAD6  s__BSS    |    0000DAD6  s__INITIA |    0000DF04  s__HEAP  
     0000DF04  s__HEAP_E |    0000E000  .STACK    |    0000FE00  __OAMRAM 
     0000FF00  _P1_REG   |    0000FF00  __IO      |    0000FF01  _SB_REG  
     0000FF02  _SC_REG   |    0000FF04  _DIV_REG  |    0000FF05  _TIMA_REG
     0000FF06  _TMA_REG  |    0000FF07  _TAC_REG  |    0000FF0F  _IF_REG  
     0000FF10  _NR10_REG |    0000FF11  _NR11_REG |    0000FF12  _NR12_REG
     0000FF13  _NR13_REG |    0000FF14  _NR14_REG |    0000FF16  _NR21_REG
     0000FF17  _NR22_REG |    0000FF18  _NR23_REG |    0000FF19  _NR24_REG
     0000FF1A  _NR30_REG |    0000FF1B  _NR31_REG |    0000FF1C  _NR32_REG
     0000FF1D  _NR33_REG |    0000FF1E  _NR34_REG |    0000FF20  _NR41_REG
     0000FF21  _NR42_REG |    0000FF22  _NR43_REG |    0000FF23  _NR44_REG
     0000FF24  _NR50_REG |    0000FF25  _NR51_REG |    0000FF26  _NR52_REG
     0000FF30  _AUD3WAVE |    0000FF30  _PCM_SAMP |    0000FF30  __AUD3WAV
     0000FF40  _LCDC_REG |    0000FF41  _STAT_REG |    0000FF42  _SCY_REG 
     0000FF43  _SCX_REG  |    0000FF44  _LY_REG   |    0000FF45  _LYC_REG 
     0000FF46  _DMA_REG  |    0000FF47  _BGP_REG  |    0000FF48  _OBP0_REG
ASxxxx Linker V03.00/V05.40 + sdld,  page 2.
Hexadecimal  [32-Bits]

Area                       Addr        Size        Decimal Bytes (Attributes)
--------------------       ----        ----        ------- ----- ------------
.  .ABS.               00000000    00000000 =           0. bytes (ABS,CON)

        Value  Global            Value  Global            Value  Global    
        -----  ------            -----  ------            -----  ------    
     0000FF49  _OBP1_REG |    0000FF4A  _WY_REG   |    0000FF4B  _WX_REG  
     0000FF4D  _KEY1_REG |    0000FF4F  _VBK_REG  |    0000FF51  _HDMA1_RE
     0000FF52  _HDMA2_RE |    0000FF53  _HDMA3_RE |    0000FF54  _HDMA4_RE
     0000FF55  _HDMA5_RE |    0000FF56  _RP_REG   |    0000FF68  _BCPS_REG
     0000FF69  _BCPD_REG |    0000FF6A  _OCPS_REG |    0000FF6B  _OCPD_REG
     0000FF70  _SVBK_REG |    0000FF76  _PCM12_RE |    0000FF77  _PCM34_RE
     0000FF80  __HRAM    |    0000FF80  s__HRAM   |    0000FFFF  _IE_REG  
     00014000  s__CODE_1 |    00024000  s__CODE_2 |    00034000  s__CODE_3
     00044000  s__CODE_4 |    00054000  s__CODE_5 |    00064000  s__CODE_6
ASxxxx Linker V03.00/V05.40 + sdld,  page 3.
Hexadecimal  [32-Bits]

Area                       Addr        Size        Decimal Bytes (Attributes)
--------------------       ----        ----        ------- ----- ------------
_CODE                  00000200    000021AE =        8622. bytes (REL,CON)

        Value  Global            Value  Global            Value  Global    
        -----  ------            -----  ------            -----  ------    
     00000200  _main     |    000014F4  _load_low |    00001515  _load_men
     0000154C  _restore_ |    00001587  _draw_pre |    0000162E  _restore_
     000016DD  _draw_tex |    000018D5  _draw_num |    000019E7  _clear_en
     00001A29  _fade_out |    00001A52  _fade_in  |    00001A7D  _draw_pen
     00001B1C  _animate_ |    00001B8E  _draw_til |    00001BE4  _update_v
     00001CAD  _scroll_c |    00001F6D  _draw_tex |    00002148  _load_pen
     00002168  _load_por |    00002188  _show_men |    00002198  _hide_men
     000021C0  _hide_veh |    0000220F  __divsuch |    00002215  __modsuch
     0000221E  __divusch |    00002227  __modusch |    00002233  __divscha
     00002238  __modscha |    0000223F  __divsint |    00002248  __modsint
     00002254  __divucha |    00002259  __moducha |    00002260  __divuint
     00002269  __moduint |    00002275  .div8     |    00002275  .mod8    
     0000227D  .div16    |    0000227D  .mod16    |    000022B3  .divu8   
     000022B3  .modu8    |    000022B6  .divu16   |    000022B6  .modu16  
     000022F6  _set_vram |    000022FF  _set_win_ |    00002308  _set_bkg_
     00002337  __mulsuch |    0000233A  __mulusch |    00002343  __mulscha
     0000234B  __mulint  |    0000236A  __mulucha |    0000237C  ___memcpy
     0000237C  _memcpy  
ASxxxx Linker V03.00/V05.40 + sdld,  page 4.
Hexadecimal  [32-Bits]

Area                       Addr        Size        Decimal Bytes (Attributes)
--------------------       ----        ----        ------- ----- ------------
_HEADER0               00000000    00000001 =           1. bytes (ABS,CON)

        Value  Global            Value  Global            Value  Global    
        -----  ------            -----  ------            -----  ------    
     00000020  .call_hl 
ASxxxx Linker V03.00/V05.40 + sdld,  page 5.
Hexadecimal  [32-Bits]

Area                       Addr        Size        Decimal Bytes (Attributes)
--------------------       ----        ----        ------- ----- ------------
_HEADER1               00000000    00000005 =           5. bytes (ABS,CON)

        Value  Global            Value  Global            Value  Global    
        -----  ------            -----  ------            -----  ------    
     00000028  .MemsetSm
ASxxxx Linker V03.00/V05.40 + sdld,  page 6.
Hexadecimal  [32-Bits]

Area                       Addr        Size        Decimal Bytes (Attributes)
--------------------       ----        ----        ------- ----- ------------
_HEADER2               00000000    00000007 =           7. bytes (ABS,CON)

        Value  Global            Value  Global            Value  Global    
        -----  ------            -----  ------            -----  ------    
     00000030  .MemcpySm
ASxxxx Linker V03.00/V05.40 + sdld,  page 7.
Hexadecimal  [32-Bits]

Area                       Addr        Size        Decimal Bytes (Attributes)
--------------------       ----        ----        ------- ----- ------------
_HEADER3               00000000    00000008 =           8. bytes (ABS,CON)

        Value  Global            Value  Global            Value  Global    
        -----  ------            -----  ------            -----  ------    
ASxxxx Linker V03.00/V05.40 + sdld,  page 8.
Hexadecimal  [32-Bits]

Area                       Addr        Size        Decimal Bytes (Attributes)
--------------------       ----        ----        ------- ----- ------------
_HEADER4               00000000    00000060 =          96. bytes (ABS,CON)

        Value  Global            Value  Global            Value  Global    
        -----  ------            -----  ------            -----  ------    
     00000080  .int      |    0000008F  _wait_int |    0000009C  __standar
     000000AB  _refresh_ |    000000CC  _set_inte
ASxxxx Linker V03.00/V05.40 + sdld,  page 9.
Hexadecimal  [32-Bits]

Area                       Addr        Size        Decimal Bytes (Attributes)
--------------------       ----        ----        ------- ----- ------------
_HEADER5               00000000    00000001 =           1. bytes (ABS,CON)

        Value  Global            Value  Global            Value  Global    
        -----  ------            -----  ------            -----  ------    
ASxxxx Linker V03.00/V05.40 + sdld,  page 10.
Hexadecimal  [32-Bits]

Area                       Addr        Size        Decimal Bytes (Attributes)
--------------------       ----        ----        ------- ----- ------------
_HEADER6               00000000    00000002 =           2. bytes (ABS,CON)

        Value  Global            Value  Global            Value  Global    
        -----  ------            -----  ------            -----  ------    
ASxxxx Linker V03.00/V05.40 + sdld,  page 11.
Hexadecimal  [32-Bits]

Area                       Addr        Size        Decimal Bytes (Attributes)
--------------------       ----        ----        ------- ----- ------------
_HEADER7               00000000    00000030 =          48. bytes (ABS,CON)

        Value  Global            Value  Global            Value  Global    
        -----  ------            -----  ------            -----  ------    
ASxxxx Linker V03.00/V05.40 + sdld,  page 12.
Hexadecimal  [32-Bits]

Area                       Addr        Size        Decimal Bytes (Attributes)
--------------------       ----        ----        ------- ----- ------------
_HEADER8               00000000    00000006 =           6. bytes (ABS,CON)

        Value  Global            Value  Global            Value  Global    
        -----  ------            -----  ------            -----  ------    
ASxxxx Linker V03.00/V05.40 + sdld,  page 13.
Hexadecimal  [32-Bits]

Area                       Addr        Size        Decimal Bytes (Attributes)
--------------------       ----        ----        ------- ----- ------------
_HEADER9               00000000    00000003 =           3. bytes (ABS,CON)

        Value  Global            Value  Global            Value  Global    
        -----  ------            -----  ------            -----  ------    
ASxxxx Linker V03.00/V05.40 + sdld,  page 14.
Hexadecimal  [32-Bits]

Area                       Addr        Size        Decimal Bytes (Attributes)
--------------------       ----        ----        ------- ----- ------------
_HEADERa               00000000    00000001 =           1. bytes (ABS,CON)

        Value  Global            Value  Global            Value  Global    
        -----  ------            -----  ------            -----  ------    
ASxxxx Linker V03.00/V05.40 + sdld,  page 15.
Hexadecimal  [32-Bits]

Area                       Addr        Size        Decimal Bytes (Attributes)
--------------------       ----        ----        ------- ----- ------------
_HEADERb               00000000    00000001 =           1. bytes (ABS,CON)

        Value  Global            Value  Global            Value  Global    
        -----  ------            -----  ------            -----  ------    
ASxxxx Linker V03.00/V05.40 + sdld,  page 16.
Hexadecimal  [32-Bits]

Area                       Addr        Size        Decimal Bytes (Attributes)
--------------------       ----        ----        ------- ----- ------------
_HEADERc               00000000    00000001 =           1. bytes (ABS,CON)

        Value  Global            Value  Global            Value  Global    
        -----  ------            -----  ------            -----  ------    
ASxxxx Linker V03.00/V05.40 + sdld,  page 17.
Hexadecimal  [32-Bits]

Area                       Addr        Size        Decimal Bytes (Attributes)
--------------------       ----        ----        ------- ----- ------------
_HEADERd               00000000    00000002 =           2. bytes (ABS,CON)

        Value  Global            Value  Global            Value  Global    
        -----  ------            -----  ------            -----  ------    
ASxxxx Linker V03.00/V05.40 + sdld,  page 18.
Hexadecimal  [32-Bits]

Area                       Addr        Size        Decimal Bytes (Attributes)
--------------------       ----        ----        ------- ----- ------------
_HEADERe               00000000    00000001 =           1. bytes (ABS,CON)

        Value  Global            Value  Global            Value  Global    
        -----  ------            -----  ------            -----  ------    
ASxxxx Linker V03.00/V05.40 + sdld,  page 19.
Hexadecimal  [32-Bits]

Area                       Addr        Size        Decimal Bytes (Attributes)
--------------------       ----        ----        ------- ----- ------------
_HEADERf               00000000    00000001 =           1. bytes (ABS,CON)

        Value  Global            Value  Global            Value  Global    
        -----  ------            -----  ------            -----  ------    
ASxxxx Linker V03.00/V05.40 + sdld,  page 20.
Hexadecimal  [32-Bits]

Area                       Addr        Size        Decimal Bytes (Attributes)
--------------------       ----        ----        ------- ----- ------------
_HEADER10              00000000    00000002 =           2. bytes (ABS,CON)

        Value  Global            Value  Global            Value  Global    
        -----  ------            -----  ------            -----  ------    
ASxxxx Linker V03.00/V05.40 + sdld,  page 21.
Hexadecimal  [32-Bits]

Area                       Addr        Size        Decimal Bytes (Attributes)
--------------------       ----        ----        ------- ----- ------------
_HEADER11              00000000    000000AB =         171. bytes (ABS,CON)

        Value  Global            Value  Global            Value  Global    
        -----  ------            -----  ------            -----  ------    
     00000150  .reset    |    00000150  _reset    |    00000157  .code_sta
     000001B9  _exit     |    000001BD  .wait_vbl |    000001BD  _vsync   
     000001BD  _wait_vbl |    000001CD  .remove_V |    000001CD  _remove_V
     000001D0  .remove_i |    000001ED  .add_VBL  |    000001ED  _add_VBL 
     000001F0  .add_int 
ASxxxx Linker V03.00/V05.40 + sdld,  page 22.
Hexadecimal  [32-Bits]

Area                       Addr        Size        Decimal Bytes (Attributes)
--------------------       ----        ----        ------- ----- ------------
_HOME                  000023AE    00001396 =        5014. bytes (REL,CON)

        Value  Global            Value  Global            Value  Global    
        -----  ------            -----  ------            -----  ------    
     000023AE  .memset_s |    000023B7  .memcpy_s |    000023D4  .display_
     000023D4  _display_ |    000023EC  _nb_get_m |    00002433  _nb_get_t
     0000248A  _nb_get_m |    000024A2  _call_int |    000024B8  _call_sho
     000024CE  _call_sto |    000024E4  _nb_story |    00002513  _nb_reloa
     0000258E  _nb_tram_ |    000025A4  _nb_boat_ |    000025BA  _nb_tram_
     000025D3  _nb_reloa |    000025F3  _nb_reloa |    00002639  _nb_reloa
     00002666  _nb_reloa |    00002686  _nb_updat |    0000269F  _nb_play_
     000026B5  _nb_plane |    000026D0  _nb_water |    000026E9  _nb_get_s
     00002703  _nb_draw_ |    0000271C  _nb_decre |    00002732  _nb_stats
     00002748  _nb_story |    00002761  _nb_load_ |    00002779  _nb_load_
     00002791  _nb_enabl |    000027A7  _nb_disab |    000027BD  _nb_switc
     000027D5  _nb_init_ |    000027EB  _nb_rebui |    00002801  _nb_play_
     00002817  _nb_play_ |    0000282D  _nb_play_ |    00002846  _nb_play_
     0000285C  _nb_perfo |    00002872  _nb_setup |    0000288A  _nb_load_
     000028B2  _call_upd |    000028C8  _call_upd |    000028DE  _call_upd
     000028F4  _nb_play_ |    0000290A  _nb_play_ |    00002920  _nb_updat
     00002936  _nb_get_t |    00002953  _nb_get_t |    00002970  _nb_get_e
     0000298D  _font_loa |    00002994  font_load |    000029DC  font_copy
     00002A12  font_set  |    00002A1F  .put_char |    00002A37  .out_char
     00002A3D  .del_char |    00002A93  _putchar  |    00002A9C  _setchar 
     00002AA5  _font_loa |    00002AB3  _font_set |    00002AC2  _font_ini
     00002AE1  .cls      |    00002AE1  _cls      |    00002B03  _gotoxy  
     00002B0E  _posx     |    00002B1F  _posy     |    00002B47  .cr_curs 
     00002B5C  .adv_curs |    00002BB8  .tmode    |    00002BD5  .tmode_ou
     00002BDE  _set_bkg_ |    00002BDE  _set_win_ |    00002BE6  _set_spri
     00002C3E  _abs      |    00002C4B  _set_win_ |    00002C5F  _set_tile
     00002C64  _set_bkg_ |    00002C64  _set_win_ |    00002C6C  _set_spri
     00002C9C  __modslon |    00002D9B  __modulon |    00002E38  __divslon
     00002F37  __divulon |    00002FBE  .padup    |    00002FBE  _waitpadu
     00002FCE  .jpad     |    00002FCE  _joypad   |    00002FF6  _waitpad 
     00002FF7  .wait_pad |    00002FFE  _color    |    00002FFE  _set_1bpp
     0000300D  .drawing_ |    0000302A  _font_ibm |    0000340B  .add_LCD 
     0000340B  _add_LCD  |    00003411  .remove_L |    00003411  _remove_L
     00003417  .delay    |    00003417  _delay    |    00003443  _font_min
     000035ED  __mullong |    000036D4  _set_bkg_ |    000036E8  .set_xy_w
     000036F1  .set_xy_b |    00003700  .set_xy_t
ASxxxx Linker V03.00/V05.40 + sdld,  page 23.
Hexadecimal  [32-Bits]

Area                       Addr        Size        Decimal Bytes (Attributes)
--------------------       ----        ----        ------- ----- ------------
_INITIALIZER           00003744    0000042E =        1070. bytes (REL,CON)

        Value  Global            Value  Global            Value  Global    
        -----  ------            -----  ------            -----  ------    
ASxxxx Linker V03.00/V05.40 + sdld,  page 24.
Hexadecimal  [32-Bits]

Area                       Addr        Size        Decimal Bytes (Attributes)
--------------------       ----        ----        ------- ----- ------------
_GSINIT                00003B72    0000000C =          12. bytes (REL,CON)

        Value  Global            Value  Global            Value  Global    
        -----  ------            -----  ------            -----  ------    
     00003B72  gsinit   
ASxxxx Linker V03.00/V05.40 + sdld,  page 25.
Hexadecimal  [32-Bits]

Area                       Addr        Size        Decimal Bytes (Attributes)
--------------------       ----        ----        ------- ----- ------------
_GSFINAL               00003B7E    00000001 =           1. bytes (REL,CON)

        Value  Global            Value  Global            Value  Global    
        -----  ------            -----  ------            -----  ------    
ASxxxx Linker V03.00/V05.40 + sdld,  page 26.
Hexadecimal  [32-Bits]

Area                       Addr        Size        Decimal Bytes (Attributes)
--------------------       ----        ----        ------- ----- ------------
_DATA                  0000C0A0    00001A36 =        6710. bytes (REL,CON)

        Value  Global            Value  Global            Value  Global    
        -----  ------            -----  ------            -----  ------    
     0000C0A0  __cpu     |    0000C0A1  __is_GBA  |    0000C0A2  .mode    
     0000C0A3  .sys_time |    0000C0A3  _sys_time |    0000C0A5  .int_0x40
     0000C257  _game     |    0000C2B5  _ram_map  |    0000D2B5  _building
     0000D8AF  _building |    0000DAB8  font_curr |    0000DABB  font_firs
     0000DABC  font_tabl |    0000DACE  .int_0x48
ASxxxx Linker V03.00/V05.40 + sdld,  page 27.
Hexadecimal  [32-Bits]

Area                       Addr        Size        Decimal Bytes (Attributes)
--------------------       ----        ----        ------- ----- ------------
_INITIALIZED           0000DAD6    0000042E =        1070. bytes (REL,CON)

        Value  Global            Value  Global            Value  Global    
        -----  ------            -----  ------            -----  ------    
     0000DAD6  _curs_x   |    0000DAD7  _curs_y   |    0000DAD8  _current_
     0000DAD9  _force_re |    0000DADA  _building |    0000DADB  _baraque_
     0000DADC  _month_pa |    0000DADD  _is_menu_ |    0000DADE  _cam_x   
     0000DAE0  _cam_y    |    0000DAE2  _cam_targ |    0000DAE4  _cam_targ
     0000DAE6  _tool_nam |    0000DB0E  _current_ |    0000DB0F  _fast_mov
     0000DB10  _is_selec |    0000DB11  _current_ |    0000DB19  _current_
     0000DB1A  _alert_ti |    0000DB1C  _flags_st |    0000DB1E  _sub_tool
     0000DB24  _cars_no_ |    0000DB27  _tram_nee |    0000DB29  _mission_
     0000DB49  _mission_ |    0000DB69  _mission1 |    0000DB99  _mission2
     0000DBC9  _mission3 |    0000DBF9  _mission4 |    0000DC29  _current_
     0000DC2A  _strings_ |    0000DD92  _strings_ |    0000DEFA  _boat_has
     0000DEFE  .curx     |    0000DEFF  .cury     |    0000DF00  .fg_colou
     0000DF00  __current |    0000DF01  .bg_colou |    0000DF02  .draw_mod
     0000DF03  __map_til
ASxxxx Linker V03.00/V05.40 + sdld,  page 28.
Hexadecimal  [32-Bits]

Area                       Addr        Size        Decimal Bytes (Attributes)
--------------------       ----        ----        ------- ----- ------------
_HRAM                  0000FF80    00000013 =          19. bytes (REL,CON)

        Value  Global            Value  Global            Value  Global    
        -----  ------            -----  ------            -----  ------    
     0000FF80  .refresh_ |    0000FF90  __current |    0000FF91  __vbl_don
     0000FF92  __shadow_
ASxxxx Linker V03.00/V05.40 + sdld,  page 29.
Hexadecimal  [32-Bits]

Area                       Addr        Size        Decimal Bytes (Attributes)
--------------------       ----        ----        ------- ----- ------------
_CODE_1                00014000    0000392E =       14638. bytes (REL,CON)

        Value  Global            Value  Global            Value  Global    
        -----  ------            -----  ------            -----  ------    
     00014000  _enable_s |    00014006  _disable_ |    0001400C  _switch_r
     00014010  _perform_ |    000140E3  _init_gam |    000141EE  _play_sou
     000141FF  _play_sou |    00014210  _play_sou |    00014227  _play_sou
     0001423C  _play_sou |    00014251  _play_des |    000142FB  _play_sou
     00014319  _play_eng |    00014329  _stop_eng |    00014331  _get_tool
     00014381  _building |    000143C1  _get_tool |    0001442B  _get_eras
     0001461F  _get_buil |    0001466B  _get_max_ |    000146D7  _update_b
     0001485D  _refresh_ |    00014938  _add_buil |    000149A8  _remove_b
     00014AA7  _rebuild_ |    00014D9E  _get_sub_ |    00014DAD  _reset_su
     00014DB2  _update_s |    000151E1  _sub_tool |    000151F9  _is_area_
     00015276  _plot_bui |    0001531E  _update_g |    000159AA  _update_s
     000159B2  _draw_hud |    00015B82  _update_h |    00015CF1  _move_lim
     00015D3A  _logo_scr |    00015FB6  _story_di |    000162C1  _move_cur
     00016722  _force_cu |    0001673F  _trigger_ |    00016802  _trigger_
     000168B8  _setup_st |    000169A1  _update_r |    00016C0D  _cars_ini
     00016C63  _cars_upd |    00017045  _tram_ini |    00017092  _tram_upd
     00017628  _boat_ini |    0001764C  _boat_upd
ASxxxx Linker V03.00/V05.40 + sdld,  page 30.
Hexadecimal  [32-Bits]

Area                       Addr        Size        Decimal Bytes (Attributes)
--------------------       ----        ----        ------- ----- ------------
_CODE_3                00034000    000030D5 =       12501. bytes (REL,CON)

        Value  Global            Value  Global            Value  Global    
        -----  ------            -----  ------            -----  ------    
     000341FD  _find_bui |    00034D98  _show_upg |    00034FB2  _show_bui
     000350F6  _tile_dat |    000352F6  _cursor_d |    00035346  _menu_ico
     000353C6  _shop     |    000354C6  _icon01   |    00035506  _limousin
     000356B6  _specialC |    00035726  _fleche   |    00035736  _penultim
     00035816  _titleEl  |    00035856  _titlePre |    00035976  _basicCom
     000359B6  _iconBuil |    000359F6  _iconRes  |    00035A36  _iconGov 
     00035A76  _iconMine |    00035AB6  _iconEner |    00035AF6  _iconCatR
     00035B36  _iconSubR |    00035B76  _iconSubD |    00035BB6  _farmish 
     00035C46  _plantati |    00035C86  _iconSubH |    00035CC6  _iconSubS
     00035D06  _iconSubF |    00035D46  _iconSubF |    00035D86  _iconSubP
     00035DC6  _iconSubW |    00035E06  _sawmill  |    00035F06  _police  
     00035F46  _iconSubP |    00035F86  _church   |    00036016  _iconSubC
     00036056  _hospital |    00036156  _iconSubH |    00036196  _iconSubS
     000361D6  _power    |    000362D6  _mine     |    000363D6  _iconSubM
     00036416  _iconCatL |    00036456  _iconSubB |    00036496  _iconSubM
     000364D6  _iconSubU |    00036516  _mediaDis |    000365A6  _baraque 
     000365E6  _road_x6  |    00036646  _road_int |    00036676  _dollar  
     00036686  _date_til |    00036736  _hud_extr |    00036776  _cursor_t
     00036786  _flash    |    00036796  _car_tile |    000367A6  _car_tile
     000367B6  _car_tile |    000367C6  _car_tile |    000367D6  _water   
     00036836  _charb    |    00036846  _port     |    00036886  _iconSubP
     000368C6  _oneTileH |    000368D6  _iconSubO |    00036916  _tram    
     00036956  _boat     |    00036996  _boatBack |    000369D6  _interrog
     000369E6  _troisCot |    00036A16  _plane_lo |    00036B1D  _plane_in
     00036B35  _plane_up |    00036DBD  _water_an
ASxxxx Linker V03.00/V05.40 + sdld,  page 31.
Hexadecimal  [32-Bits]

Area                       Addr        Size        Decimal Bytes (Attributes)
--------------------       ----        ----        ------- ----- ------------
_CODE_5                00054000    0000287D =       10365. bytes (REL,CON)

        Value  Global            Value  Global            Value  Global    
        -----  ------            -----  ------            -----  ------    
     000541EE  _update_e |    00055A9C  _copy_mis
ASxxxx Linker V03.00/V05.40 + sdld,  page 32.
Hexadecimal  [32-Bits]

Area                       Addr        Size        Decimal Bytes (Attributes)
--------------------       ----        ----        ------- ----- ------------
_CODE_6                00064000    00001D97 =        7575. bytes (REL,CON)

        Value  Global            Value  Global            Value  Global    
        -----  ------            -----  ------            -----  ------    
     000641EE  _update_e |    000641F4  _update_e
ASxxxx Linker V03.00/V05.40 + sdld,  page 33.
Hexadecimal  [32-Bits]

Area                       Addr        Size        Decimal Bytes (Attributes)
--------------------       ----        ----        ------- ----- ------------
_CODE_2                00024000    00003B05 =       15109. bytes (REL,CON)

        Value  Global            Value  Global            Value  Global    
        -----  ------            -----  ------            -----  ------    
     00024000  _confirm_ |    00024209  _wipe_slo |    0002422E  _load_sav
     0002475B  _save_sto |    00024EA8  _load_sto |    0002507A  _main_men
     000251DF  _pause_me |    00025634  _confirm_ |    000257CE  _story_su
     00025A89  _language |    00025B71  _init_lan |    00025B78  _get_text
     0002717F  _intro_bu |    0002757F  _generate |    0002764E  _display_
     0002774B  _intro_ti |    000278E2  _show_min
ASxxxx Linker V03.00/V05.40 + sdld,  page 34.
Hexadecimal  [32-Bits]

Area                       Addr        Size        Decimal Bytes (Attributes)
--------------------       ----        ----        ------- ----- ------------
_CODE_4                00044000    000036D8 =       14040. bytes (REL,CON)

        Value  Global            Value  Global            Value  Global    
        -----  ------            -----  ------            -----  ------    
     00044000  _story_ge |    000442C1  _story_mo |    00044413  _map_miss
     00045413  _draw_men |    000454E7  _font_lc_ |    000456A7  _menu_bor
     00045D4B  _decrets_ |    00045F1E  _stats_sc
ASxxxx Linker V03.00/V05.40 + sdld,  page 35.
Hexadecimal  [32-Bits]

Area                       Addr        Size        Decimal Bytes (Attributes)
--------------------       ----        ----        ------- ----- ------------
_FONT_HEADER0          00000000    00000003 =           3. bytes (ABS,CON)

        Value  Global            Value  Global            Value  Global    
        -----  ------            -----  ------            -----  ------    
ASxxxx Linker V03.00/V05.40 + sdld,  page 36.
Hexadecimal  [32-Bits]

Area                       Addr        Size        Decimal Bytes (Attributes)
--------------------       ----        ----        ------- ----- ------------
_HEADER_LCD0           00000000    00000003 =           3. bytes (ABS,CON)

        Value  Global            Value  Global            Value  Global    
        -----  ------            -----  ------            -----  ------    
ASxxxx Linker V03.00/V05.40 + sdld,  page 37.

Files Linked                              [ module(s) ]

C:\GB\AAAaclean169\lib/gb/crt0.o          [ Runtime ]
main.o                                    [ main ]
game_state.o                              [ game_state ]
graphics.o                                [ graphics ]
audio.o                                   [ audio ]
logic.o                                   [ logic ]
economy.o                                 [ economy ]
economy_update.o                          [ economy_update ]
economy_tick.o                            [ economy_tick ]
assets.o                                  [ assets ]
save.o                                    [ save ]
menus.o                                   [ menus ]
missions.o                                [ missions ]
lang.o                                    [ lang ]
intro.o                                   [ intro ]
minimap.o                                 [ minimap ]
story_mode.o                              [ story_mode ]
map_mission1_water.o                      [ map_mission1_water ]
boat.o                                    [ boat ]
menu_assets.o                             [ menu_assets ]
decrets.o                                 [ decrets ]
stats_screen.o                            [ stats_screen ]
plane.o                                   [ plane ]


Libraries Linked                          [ object file ]

C:\GB\AAAaclean169\lib/sm83/sm83.lib      [ div.o ]
C:\GB\AAAaclean169\lib/gb/gb.lib          [ font.o ]
C:\GB\AAAaclean169\lib/gb/gb.lib          [ set_1bit_data.o ]
C:\GB\AAAaclean169\lib/gb/gb.lib          [ sfr.o ]
C:\GB\AAAaclean169\lib/sm83/sm83.lib      [ abs.o ]
C:\GB\AAAaclean169\lib/gb/gb.lib          [ set_wi_t.o ]
C:\GB\AAAaclean169\lib/gb/gb.lib          [ set_data.o ]
C:\GB\AAAaclean169\lib/gb/gb.lib          [ set_tile.o ]
C:\GB\AAAaclean169\lib/sm83/sm83.lib      [ mul.o ]
C:\GB\AAAaclean169\lib/sm83/sm83.lib      [ _modslong.o ]
C:\GB\AAAaclean169\lib/sm83/sm83.lib      [ _modulong.o ]
C:\GB\AAAaclean169\lib/sm83/sm83.lib      [ _divslong.o ]
C:\GB\AAAaclean169\lib/sm83/sm83.lib      [ _divulong.o ]
C:\GB\AAAaclean169\lib/gb/gb.lib          [ pad.o ]
C:\GB\AAAaclean169\lib/sm83/sm83.lib      [ memcpy.o ]
C:\GB\AAAaclean169\lib/gb/gb.lib          [ color.o ]
C:\GB\AAAaclean169\lib/gb/gb.lib          [ drawing_isr.o ]
C:\GB\AAAaclean169\lib/gb/gb.lib          [ f_ibm_sh.o ]
C:\GB\AAAaclean169\lib/gb/gb.lib          [ lcd.o ]
C:\GB\AAAaclean169\lib/gb/gb.lib          [ delay.o ]
C:\GB\AAAaclean169\lib/gb/gb.lib          [ f_min.o ]
C:\GB\AAAaclean169\lib/sm83/sm83.lib      [ _mullong.o ]
C:\GB\AAAaclean169\lib/gb/gb.lib          [ set_bk_t.o ]
C:\GB\AAAaclean169\lib/gb/gb.lib          [ set_xy_t.o ]

ASxxxx Linker V03.00/V05.40 + sdld,  page 38.

User Base Address Definitions

_DATA=0xC0A0
_CODE=0x0200
_HRAM=0xFF80
ASxxxx Linker V03.00/V05.40 + sdld,  page 39.

User Global Definitions

_shadow_OAM=0xC000
.STACK=0xE000

